
> temp_app@0.1.0 dev
> next dev

▲ Next.js 16.2.10 (Turbopack)
- Local:         http://localhost:3000
- Network:       http://10.0.1.172:3000
- Environments: .env
✓ Ready in 746ms
Attention: Next.js now collects completely anonymous telemetry regarding usage.
This information is used to shape Next.js' roadmap and prioritize features.
You can learn more, including how to opt-out if you'd not like to participate in this anonymous program, by visiting the following URL:
https://nextjs.org/telemetry

- Experiments (use with caution):
  · serverActions

○ Compiling /groups/members ...
[AUTH DEBUG] JWT Callback - User ID: 3925a03f-e627-49bc-b40d-a588e38da103, Role: Super Admin, Session ID: 7429b562-544f-433d-ae1e-14b15e0406a7
[Prisma Query] 442ms - SELECT `main`.`SystemSettings`.`id`, `main`.`SystemSettings`.`key`, `main`.`SystemSettings`.`value`, `main`.`SystemSettings`.`group`, `main`.`SystemSettings`.`updatedAt`, `main`.`SystemSettings`.`updatedBy` FROM `main`.`SystemSettings` WHERE `main`.`SystemSettings`.`key` LIKE ? LIMIT ? OFFSET ?
[Prisma Query] 504ms - SELECT `main`.`UserSession`.`id`, `main`.`UserSession`.`userId`, `main`.`UserSession`.`jti`, `main`.`UserSession`.`device`, `main`.`UserSession`.`browser`, `main`.`UserSession`.`os`, `main`.`UserSession`.`ipAddress`, `main`.`UserSession`.`lastActive`, `main`.`UserSession`.`expiresAt`, `main`.`UserSession`.`createdAt` FROM `main`.`UserSession` WHERE (`main`.`UserSession`.`jti` = ? AND 1=1) LIMIT ? OFFSET ?
[Prisma Query] 104ms - UPDATE `main`.`UserSession` SET `lastActive` = ? WHERE (`main`.`UserSession`.`jti` = ? AND 1=1) RETURNING `id` AS `id`, `userId` AS `userId`, `jti` AS `jti`, `device` AS `device`, `browser` AS `browser`, `os` AS `os`, `ipAddress` AS `ipAddress`, `lastActive` AS `lastActive`, `expiresAt` AS `expiresAt`, `createdAt` AS `createdAt`
[AUTH DEBUG] Session Callback - Valid Session for User ID: 3925a03f-e627-49bc-b40d-a588e38da103, Role: Super Admin
[RBAC DEBUG] Authorize Page - Current User: System Administrator | Current Role: Super Admin | Loaded Permissions: ["*"] | Requested Module: Groups | Requested Action: View | Result: ALLOWED (SUPER_ADMIN Bypass)
[Prisma Query] 98ms - SELECT `main`.`User`.`id`, `main`.`User`.`name`, `main`.`User`.`username`, `main`.`User`.`roleId` FROM `main`.`User` WHERE (`main`.`User`.`id` = ? AND 1=1) LIMIT ? OFFSET ?
[Prisma Query] 68ms - SELECT `main`.`Role`.`id`, `main`.`Role`.`name` FROM `main`.`Role` WHERE `main`.`Role`.`id` IN (?) LIMIT ? OFFSET ?
[Prisma Query] 66ms - SELECT `main`.`RolePermission`.`roleId`, `main`.`RolePermission`.`permissionId` FROM `main`.`RolePermission` WHERE `main`.`RolePermission`.`roleId` IN (?) LIMIT ? OFFSET ?
[Prisma Query] 68ms - SELECT `main`.`UserPermission`.`userId`, `main`.`UserPermission`.`permissionId` FROM `main`.`UserPermission` WHERE `main`.`UserPermission`.`userId` IN (?) LIMIT ? OFFSET ?
[RBAC DEBUG] Current User: System Administrator (admin) | Current Role: Super Admin | Loaded Permissions: ["*"] (SUPER_ADMIN Wildcard)
[Prisma Query] 59ms - SELECT `main`.`User`.`id`, `main`.`User`.`name`, `main`.`User`.`username`, `main`.`User`.`email`, `main`.`User`.`mobile`, `main`.`User`.`password`, `main`.`User`.`roleId`, `main`.`User`.`status`, `main`.`User`.`lastLogin`, `main`.`User`.`photo`, `main`.`User`.`preferences`, `main`.`User`.`createdAt`, `main`.`User`.`updatedAt` FROM `main`.`User` WHERE (`main`.`User`.`id` = ? AND 1=1) LIMIT ? OFFSET ?
 GET /groups/members 200 in 14.7s (next.js: 12.5s, proxy.ts: 242ms, application-code: 1890ms)
[AUTH DEBUG] JWT Callback - User ID: 3925a03f-e627-49bc-b40d-a588e38da103, Role: Super Admin, Session ID: 7429b562-544f-433d-ae1e-14b15e0406a7
[AUTH DEBUG] Session Callback - Valid Session for User ID: 3925a03f-e627-49bc-b40d-a588e38da103, Role: Super Admin
[Prisma Query] 69ms - SELECT `main`.`UserSession`.`id`, `main`.`UserSession`.`userId`, `main`.`UserSession`.`jti`, `main`.`UserSession`.`device`, `main`.`UserSession`.`browser`, `main`.`UserSession`.`os`, `main`.`UserSession`.`ipAddress`, `main`.`UserSession`.`lastActive`, `main`.`UserSession`.`expiresAt`, `main`.`UserSession`.`createdAt` FROM `main`.`UserSession` WHERE (`main`.`UserSession`.`jti` = ? AND 1=1) LIMIT ? OFFSET ?
[Prisma Query] 62ms - SELECT `main`.`Group`.`id`, `main`.`Group`.`foundationId`, `main`.`Group`.`name`, `main`.`Group`.`code`, `main`.`Group`.`shortName`, `main`.`Group`.`description`, `main`.`Group`.`remarks`, `main`.`Group`.`status`, `main`.`Group`.`createdAt`, `main`.`Group`.`updatedAt`, `main`.`Group`.`createdBy`, `main`.`Group`.`updatedBy`, COALESCE(`aggr_selection_0_Member`.`_aggr_count_members`, 0) AS `_aggr_count_members` FROM `main`.`Group` LEFT JOIN (SELECT `main`.`Member`.`groupId`, COUNT(*) AS `_aggr_count_members` FROM `main`.`Member` WHERE 1=1 GROUP BY `main`.`Member`.`groupId`) AS `aggr_selection_0_Member` ON (`main`.`Group`.`id` = `aggr_selection_0_Member`.`groupId`) WHERE 1=1 ORDER BY `main`.`Group`.`createdAt` DESC LIMIT ? OFFSET ?
[Prisma Query] 62ms - SELECT `main`.`Group`.`id`, `main`.`Group`.`foundationId`, `main`.`Group`.`name`, `main`.`Group`.`code`, `main`.`Group`.`shortName`, `main`.`Group`.`description`, `main`.`Group`.`remarks`, `main`.`Group`.`status`, `main`.`Group`.`createdAt`, `main`.`Group`.`updatedAt`, `main`.`Group`.`createdBy`, `main`.`Group`.`updatedBy` FROM `main`.`Group` WHERE 1=1 LIMIT ? OFFSET ?
[Prisma Query] 62ms - SELECT `main`.`Fund`.`id`, `main`.`Fund`.`groupId` FROM `main`.`Fund` WHERE `main`.`Fund`.`groupId` IN (?,?,?) LIMIT ? OFFSET ?
[Prisma Query] 62ms - SELECT `main`.`LedgerEntry`.`id`, `main`.`LedgerEntry`.`transactionId`, `main`.`LedgerEntry`.`fundId`, `main`.`LedgerEntry`.`isCredit`, `main`.`LedgerEntry`.`amount`, `main`.`LedgerEntry`.`createdAt`, `main`.`LedgerEntry`.`updatedAt`, `main`.`LedgerEntry`.`createdBy`, `main`.`LedgerEntry`.`updatedBy`, `main`.`LedgerEntry`.`groupId`, `main`.`LedgerEntry`.`groupCode`, `main`.`LedgerEntry`.`groupName` FROM `main`.`LedgerEntry` WHERE `main`.`LedgerEntry`.`fundId` IN (?,?) LIMIT ? OFFSET ?
[Prisma Query] 59ms - SELECT `main`.`LedgerTransaction`.`id`, `main`.`LedgerTransaction`.`type` FROM `main`.`LedgerTransaction` WHERE `main`.`LedgerTransaction`.`id` IN (?,?,?,?,?,?,?,?,?) LIMIT ? OFFSET ?
 POST /groups/members 200 in 496ms (next.js: 18ms, proxy.ts: 32ms, application-code: 446ms)
  └─ ƒ getGroups() in 411ms src/features/groups/actions.ts
[AUTH DEBUG] JWT Callback - User ID: 3925a03f-e627-49bc-b40d-a588e38da103, Role: Super Admin, Session ID: 7429b562-544f-433d-ae1e-14b15e0406a7
[AUTH DEBUG] Session Callback - Valid Session for User ID: 3925a03f-e627-49bc-b40d-a588e38da103, Role: Super Admin
[Prisma Query] 60ms - SELECT `main`.`UserSession`.`id`, `main`.`UserSession`.`userId`, `main`.`UserSession`.`jti`, `main`.`UserSession`.`device`, `main`.`UserSession`.`browser`, `main`.`UserSession`.`os`, `main`.`UserSession`.`ipAddress`, `main`.`UserSession`.`lastActive`, `main`.`UserSession`.`expiresAt`, `main`.`UserSession`.`createdAt` FROM `main`.`UserSession` WHERE (`main`.`UserSession`.`jti` = ? AND 1=1) LIMIT ? OFFSET ?
 GET /api/auth/session 200 in 4.5s (next.js: 4.4s, application-code: 140ms)
 GET /groups/fund 200 in 2.1s (next.js: 1905ms, proxy.ts: 5ms, application-code: 154ms)
[AUTH DEBUG] JWT Callback - User ID: 3925a03f-e627-49bc-b40d-a588e38da103, Role: Super Admin, Session ID: 7429b562-544f-433d-ae1e-14b15e0406a7
[Prisma Query] 62ms - SELECT `main`.`UserSession`.`id`, `main`.`UserSession`.`userId`, `main`.`UserSession`.`jti`, `main`.`UserSession`.`device`, `main`.`UserSession`.`browser`, `main`.`UserSession`.`os`, `main`.`UserSession`.`ipAddress`, `main`.`UserSession`.`lastActive`, `main`.`UserSession`.`expiresAt`, `main`.`UserSession`.`createdAt` FROM `main`.`UserSession` WHERE (`main`.`UserSession`.`jti` = ? AND 1=1) LIMIT ? OFFSET ?
[AUTH DEBUG] Session Callback - Valid Session for User ID: 3925a03f-e627-49bc-b40d-a588e38da103, Role: Super Admin
[Prisma Query] 64ms - SELECT `main`.`Group`.`id`, `main`.`Group`.`foundationId`, `main`.`Group`.`name`, `main`.`Group`.`code`, `main`.`Group`.`shortName`, `main`.`Group`.`description`, `main`.`Group`.`remarks`, `main`.`Group`.`status`, `main`.`Group`.`createdAt`, `main`.`Group`.`updatedAt`, `main`.`Group`.`createdBy`, `main`.`Group`.`updatedBy`, COALESCE(`aggr_selection_0_Member`.`_aggr_count_members`, 0) AS `_aggr_count_members` FROM `main`.`Group` LEFT JOIN (SELECT `main`.`Member`.`groupId`, COUNT(*) AS `_aggr_count_members` FROM `main`.`Member` WHERE 1=1 GROUP BY `main`.`Member`.`groupId`) AS `aggr_selection_0_Member` ON (`main`.`Group`.`id` = `aggr_selection_0_Member`.`groupId`) WHERE 1=1 ORDER BY `main`.`Group`.`createdAt` DESC LIMIT ? OFFSET ?
[Prisma Query] 59ms - SELECT `main`.`Group`.`id`, `main`.`Group`.`foundationId`, `main`.`Group`.`name`, `main`.`Group`.`code`, `main`.`Group`.`shortName`, `main`.`Group`.`description`, `main`.`Group`.`remarks`, `main`.`Group`.`status`, `main`.`Group`.`createdAt`, `main`.`Group`.`updatedAt`, `main`.`Group`.`createdBy`, `main`.`Group`.`updatedBy` FROM `main`.`Group` WHERE 1=1 LIMIT ? OFFSET ?
[Prisma Query] 58ms - SELECT `main`.`Fund`.`id`, `main`.`Fund`.`groupId` FROM `main`.`Fund` WHERE `main`.`Fund`.`groupId` IN (?,?,?) LIMIT ? OFFSET ?
[Prisma Query] 60ms - SELECT `main`.`LedgerEntry`.`id`, `main`.`LedgerEntry`.`transactionId`, `main`.`LedgerEntry`.`fundId`, `main`.`LedgerEntry`.`isCredit`, `main`.`LedgerEntry`.`amount`, `main`.`LedgerEntry`.`createdAt`, `main`.`LedgerEntry`.`updatedAt`, `main`.`LedgerEntry`.`createdBy`, `main`.`LedgerEntry`.`updatedBy`, `main`.`LedgerEntry`.`groupId`, `main`.`LedgerEntry`.`groupCode`, `main`.`LedgerEntry`.`groupName` FROM `main`.`LedgerEntry` WHERE `main`.`LedgerEntry`.`fundId` IN (?,?) LIMIT ? OFFSET ?
[Prisma Query] 59ms - SELECT `main`.`LedgerTransaction`.`id`, `main`.`LedgerTransaction`.`type` FROM `main`.`LedgerTransaction` WHERE `main`.`LedgerTransaction`.`id` IN (?,?,?,?,?,?,?,?,?) LIMIT ? OFFSET ?
 POST /groups/fund 200 in 411ms (next.js: 6ms, proxy.ts: 7ms, application-code: 399ms)
  └─ ƒ getGroups() in 377ms src/features/groups/actions.ts
[AUTH DEBUG] JWT Callback - User ID: 3925a03f-e627-49bc-b40d-a588e38da103, Role: Super Admin, Session ID: 7429b562-544f-433d-ae1e-14b15e0406a7
[AUTH DEBUG] Session Callback - Valid Session for User ID: 3925a03f-e627-49bc-b40d-a588e38da103, Role: Super Admin
[Prisma Query] 60ms - SELECT `main`.`UserSession`.`id`, `main`.`UserSession`.`userId`, `main`.`UserSession`.`jti`, `main`.`UserSession`.`device`, `main`.`UserSession`.`browser`, `main`.`UserSession`.`os`, `main`.`UserSession`.`ipAddress`, `main`.`UserSession`.`lastActive`, `main`.`UserSession`.`expiresAt`, `main`.`UserSession`.`createdAt` FROM `main`.`UserSession` WHERE (`main`.`UserSession`.`jti` = ? AND 1=1) LIMIT ? OFFSET ?
[Prisma Query] 60ms - SELECT `main`.`Group`.`id`, `main`.`Group`.`foundationId`, `main`.`Group`.`name`, `main`.`Group`.`code`, `main`.`Group`.`shortName`, `main`.`Group`.`description`, `main`.`Group`.`remarks`, `main`.`Group`.`status`, `main`.`Group`.`createdAt`, `main`.`Group`.`updatedAt`, `main`.`Group`.`createdBy`, `main`.`Group`.`updatedBy`, COALESCE(`aggr_selection_0_Member`.`_aggr_count_members`, 0) AS `_aggr_count_members` FROM `main`.`Group` LEFT JOIN (SELECT `main`.`Member`.`groupId`, COUNT(*) AS `_aggr_count_members` FROM `main`.`Member` WHERE 1=1 GROUP BY `main`.`Member`.`groupId`) AS `aggr_selection_0_Member` ON (`main`.`Group`.`id` = `aggr_selection_0_Member`.`groupId`) WHERE 1=1 ORDER BY `main`.`Group`.`createdAt` DESC LIMIT ? OFFSET ?
[Prisma Query] 62ms - SELECT `main`.`Group`.`id`, `main`.`Group`.`foundationId`, `main`.`Group`.`name`, `main`.`Group`.`code`, `main`.`Group`.`shortName`, `main`.`Group`.`description`, `main`.`Group`.`remarks`, `main`.`Group`.`status`, `main`.`Group`.`createdAt`, `main`.`Group`.`updatedAt`, `main`.`Group`.`createdBy`, `main`.`Group`.`updatedBy` FROM `main`.`Group` WHERE 1=1 LIMIT ? OFFSET ?
[Prisma Query] 60ms - SELECT `main`.`Fund`.`id`, `main`.`Fund`.`groupId` FROM `main`.`Fund` WHERE `main`.`Fund`.`groupId` IN (?,?,?) LIMIT ? OFFSET ?
[Prisma Query] 60ms - SELECT `main`.`LedgerEntry`.`id`, `main`.`LedgerEntry`.`transactionId`, `main`.`LedgerEntry`.`fundId`, `main`.`LedgerEntry`.`isCredit`, `main`.`LedgerEntry`.`amount`, `main`.`LedgerEntry`.`createdAt`, `main`.`LedgerEntry`.`updatedAt`, `main`.`LedgerEntry`.`createdBy`, `main`.`LedgerEntry`.`updatedBy`, `main`.`LedgerEntry`.`groupId`, `main`.`LedgerEntry`.`groupCode`, `main`.`LedgerEntry`.`groupName` FROM `main`.`LedgerEntry` WHERE `main`.`LedgerEntry`.`fundId` IN (?,?) LIMIT ? OFFSET ?
[Prisma Query] 58ms - SELECT `main`.`LedgerTransaction`.`id`, `main`.`LedgerTransaction`.`type` FROM `main`.`LedgerTransaction` WHERE `main`.`LedgerTransaction`.`id` IN (?,?,?,?,?,?,?,?,?) LIMIT ? OFFSET ?
 POST /groups/fund 200 in 403ms (next.js: 3ms, proxy.ts: 7ms, application-code: 393ms)
  └─ ƒ getGroups() in 385ms src/features/groups/actions.ts
 GET /groups/ledger 200 in 1130ms (next.js: 1041ms, proxy.ts: 5ms, application-code: 84ms)
[AUTH DEBUG] JWT Callback - User ID: 3925a03f-e627-49bc-b40d-a588e38da103, Role: Super Admin, Session ID: 7429b562-544f-433d-ae1e-14b15e0406a7
[Prisma Query] 228ms - SELECT `main`.`UserSession`.`id`, `main`.`UserSession`.`userId`, `main`.`UserSession`.`jti`, `main`.`UserSession`.`device`, `main`.`UserSession`.`browser`, `main`.`UserSession`.`os`, `main`.`UserSession`.`ipAddress`, `main`.`UserSession`.`lastActive`, `main`.`UserSession`.`expiresAt`, `main`.`UserSession`.`createdAt` FROM `main`.`UserSession` WHERE (`main`.`UserSession`.`jti` = ? AND 1=1) LIMIT ? OFFSET ?
[AUTH DEBUG] Session Callback - Valid Session for User ID: 3925a03f-e627-49bc-b40d-a588e38da103, Role: Super Admin
[Prisma Query] 58ms - SELECT `main`.`Group`.`id`, `main`.`Group`.`foundationId`, `main`.`Group`.`name`, `main`.`Group`.`code`, `main`.`Group`.`shortName`, `main`.`Group`.`description`, `main`.`Group`.`remarks`, `main`.`Group`.`status`, `main`.`Group`.`createdAt`, `main`.`Group`.`updatedAt`, `main`.`Group`.`createdBy`, `main`.`Group`.`updatedBy`, COALESCE(`aggr_selection_0_Member`.`_aggr_count_members`, 0) AS `_aggr_count_members` FROM `main`.`Group` LEFT JOIN (SELECT `main`.`Member`.`groupId`, COUNT(*) AS `_aggr_count_members` FROM `main`.`Member` WHERE 1=1 GROUP BY `main`.`Member`.`groupId`) AS `aggr_selection_0_Member` ON (`main`.`Group`.`id` = `aggr_selection_0_Member`.`groupId`) WHERE 1=1 ORDER BY `main`.`Group`.`createdAt` DESC LIMIT ? OFFSET ?
[Prisma Query] 58ms - SELECT `main`.`Group`.`id`, `main`.`Group`.`foundationId`, `main`.`Group`.`name`, `main`.`Group`.`code`, `main`.`Group`.`shortName`, `main`.`Group`.`description`, `main`.`Group`.`remarks`, `main`.`Group`.`status`, `main`.`Group`.`createdAt`, `main`.`Group`.`updatedAt`, `main`.`Group`.`createdBy`, `main`.`Group`.`updatedBy` FROM `main`.`Group` WHERE 1=1 LIMIT ? OFFSET ?
[Prisma Query] 57ms - SELECT `main`.`Fund`.`id`, `main`.`Fund`.`groupId` FROM `main`.`Fund` WHERE `main`.`Fund`.`groupId` IN (?,?,?) LIMIT ? OFFSET ?
[Prisma Query] 64ms - SELECT `main`.`LedgerEntry`.`id`, `main`.`LedgerEntry`.`transactionId`, `main`.`LedgerEntry`.`fundId`, `main`.`LedgerEntry`.`isCredit`, `main`.`LedgerEntry`.`amount`, `main`.`LedgerEntry`.`createdAt`, `main`.`LedgerEntry`.`updatedAt`, `main`.`LedgerEntry`.`createdBy`, `main`.`LedgerEntry`.`updatedBy`, `main`.`LedgerEntry`.`groupId`, `main`.`LedgerEntry`.`groupCode`, `main`.`LedgerEntry`.`groupName` FROM `main`.`LedgerEntry` WHERE `main`.`LedgerEntry`.`fundId` IN (?,?) LIMIT ? OFFSET ?
[Prisma Query] 59ms - SELECT `main`.`LedgerTransaction`.`id`, `main`.`LedgerTransaction`.`type` FROM `main`.`LedgerTransaction` WHERE `main`.`LedgerTransaction`.`id` IN (?,?,?,?,?,?,?,?,?) LIMIT ? OFFSET ?
 POST /groups/ledger 200 in 551ms (next.js: 2ms, proxy.ts: 4ms, application-code: 545ms)
  └─ ƒ getGroups() in 538ms src/features/groups/actions.ts
[AUTH DEBUG] JWT Callback - User ID: 3925a03f-e627-49bc-b40d-a588e38da103, Role: Super Admin, Session ID: 7429b562-544f-433d-ae1e-14b15e0406a7
[AUTH DEBUG] Session Callback - Valid Session for User ID: 3925a03f-e627-49bc-b40d-a588e38da103, Role: Super Admin
[Prisma Query] 60ms - SELECT `main`.`UserSession`.`id`, `main`.`UserSession`.`userId`, `main`.`UserSession`.`jti`, `main`.`UserSession`.`device`, `main`.`UserSession`.`browser`, `main`.`UserSession`.`os`, `main`.`UserSession`.`ipAddress`, `main`.`UserSession`.`lastActive`, `main`.`UserSession`.`expiresAt`, `main`.`UserSession`.`createdAt` FROM `main`.`UserSession` WHERE (`main`.`UserSession`.`jti` = ? AND 1=1) LIMIT ? OFFSET ?
[Prisma Query] 58ms - SELECT `main`.`Group`.`id`, `main`.`Group`.`foundationId`, `main`.`Group`.`name`, `main`.`Group`.`code`, `main`.`Group`.`shortName`, `main`.`Group`.`description`, `main`.`Group`.`remarks`, `main`.`Group`.`status`, `main`.`Group`.`createdAt`, `main`.`Group`.`updatedAt`, `main`.`Group`.`createdBy`, `main`.`Group`.`updatedBy`, COALESCE(`aggr_selection_0_Member`.`_aggr_count_members`, 0) AS `_aggr_count_members` FROM `main`.`Group` LEFT JOIN (SELECT `main`.`Member`.`groupId`, COUNT(*) AS `_aggr_count_members` FROM `main`.`Member` WHERE 1=1 GROUP BY `main`.`Member`.`groupId`) AS `aggr_selection_0_Member` ON (`main`.`Group`.`id` = `aggr_selection_0_Member`.`groupId`) WHERE 1=1 ORDER BY `main`.`Group`.`createdAt` DESC LIMIT ? OFFSET ?
[Prisma Query] 58ms - SELECT `main`.`Group`.`id`, `main`.`Group`.`foundationId`, `main`.`Group`.`name`, `main`.`Group`.`code`, `main`.`Group`.`shortName`, `main`.`Group`.`description`, `main`.`Group`.`remarks`, `main`.`Group`.`status`, `main`.`Group`.`createdAt`, `main`.`Group`.`updatedAt`, `main`.`Group`.`createdBy`, `main`.`Group`.`updatedBy` FROM `main`.`Group` WHERE 1=1 LIMIT ? OFFSET ?
[Prisma Query] 59ms - SELECT `main`.`Fund`.`id`, `main`.`Fund`.`groupId` FROM `main`.`Fund` WHERE `main`.`Fund`.`groupId` IN (?,?,?) LIMIT ? OFFSET ?
[Prisma Query] 58ms - SELECT `main`.`LedgerEntry`.`id`, `main`.`LedgerEntry`.`transactionId`, `main`.`LedgerEntry`.`fundId`, `main`.`LedgerEntry`.`isCredit`, `main`.`LedgerEntry`.`amount`, `main`.`LedgerEntry`.`createdAt`, `main`.`LedgerEntry`.`updatedAt`, `main`.`LedgerEntry`.`createdBy`, `main`.`LedgerEntry`.`updatedBy`, `main`.`LedgerEntry`.`groupId`, `main`.`LedgerEntry`.`groupCode`, `main`.`LedgerEntry`.`groupName` FROM `main`.`LedgerEntry` WHERE `main`.`LedgerEntry`.`fundId` IN (?,?) LIMIT ? OFFSET ?
[Prisma Query] 58ms - SELECT `main`.`LedgerTransaction`.`id`, `main`.`LedgerTransaction`.`type` FROM `main`.`LedgerTransaction` WHERE `main`.`LedgerTransaction`.`id` IN (?,?,?,?,?,?,?,?,?) LIMIT ? OFFSET ?
 POST /groups/ledger 200 in 385ms (next.js: 3ms, proxy.ts: 5ms, application-code: 377ms)
  └─ ƒ getGroups() in 368ms src/features/groups/actions.ts
[AUTH DEBUG] JWT Callback - User ID: 3925a03f-e627-49bc-b40d-a588e38da103, Role: Super Admin, Session ID: 7429b562-544f-433d-ae1e-14b15e0406a7
[Prisma Query] 62ms - SELECT `main`.`UserSession`.`id`, `main`.`UserSession`.`userId`, `main`.`UserSession`.`jti`, `main`.`UserSession`.`device`, `main`.`UserSession`.`browser`, `main`.`UserSession`.`os`, `main`.`UserSession`.`ipAddress`, `main`.`UserSession`.`lastActive`, `main`.`UserSession`.`expiresAt`, `main`.`UserSession`.`createdAt` FROM `main`.`UserSession` WHERE (`main`.`UserSession`.`jti` = ? AND 1=1) LIMIT ? OFFSET ?
[AUTH DEBUG] Session Callback - Valid Session for User ID: 3925a03f-e627-49bc-b40d-a588e38da103, Role: Super Admin
[RBAC DEBUG] Current User: System Administrator | Current Role: Super Admin | Loaded Permissions: ["*"] | Requested Module: Groups | Requested Action: View | Result: ALLOWED (SUPER_ADMIN Bypass)
[Prisma Query] 59ms - SELECT `main`.`Fund`.`id`, `main`.`Fund`.`groupId`, `main`.`Fund`.`name`, `main`.`Fund`.`description`, `main`.`Fund`.`createdAt`, `main`.`Fund`.`updatedAt`, `main`.`Fund`.`createdBy`, `main`.`Fund`.`updatedBy` FROM `main`.`Fund` WHERE `main`.`Fund`.`groupId` = ? LIMIT ? OFFSET ?
 GET /groups/ledger?groupId=eaad791d-dfce-4522-a762-97e53e501c03 200 in 328ms (next.js: 36ms, proxy.ts: 11ms, application-code: 281ms)
[AUTH DEBUG] JWT Callback - User ID: 3925a03f-e627-49bc-b40d-a588e38da103, Role: Super Admin, Session ID: 7429b562-544f-433d-ae1e-14b15e0406a7
[Prisma Query] 251ms - SELECT `main`.`UserSession`.`id`, `main`.`UserSession`.`userId`, `main`.`UserSession`.`jti`, `main`.`UserSession`.`device`, `main`.`UserSession`.`browser`, `main`.`UserSession`.`os`, `main`.`UserSession`.`ipAddress`, `main`.`UserSession`.`lastActive`, `main`.`UserSession`.`expiresAt`, `main`.`UserSession`.`createdAt` FROM `main`.`UserSession` WHERE (`main`.`UserSession`.`jti` = ? AND 1=1) LIMIT ? OFFSET ?
[AUTH DEBUG] Session Callback - Valid Session for User ID: 3925a03f-e627-49bc-b40d-a588e38da103, Role: Super Admin
[RBAC DEBUG] Current User: System Administrator | Current Role: Super Admin | Loaded Permissions: ["*"] | Requested Module: Groups | Requested Action: View | Result: ALLOWED (SUPER_ADMIN Bypass)
[Prisma Query] 63ms - SELECT `main`.`Fund`.`id`, `main`.`Fund`.`groupId`, `main`.`Fund`.`name`, `main`.`Fund`.`description`, `main`.`Fund`.`createdAt`, `main`.`Fund`.`updatedAt`, `main`.`Fund`.`createdBy`, `main`.`Fund`.`updatedBy` FROM `main`.`Fund` WHERE `main`.`Fund`.`groupId` = ? LIMIT ? OFFSET ?
[Prisma Query] 63ms - SELECT `main`.`LedgerEntry`.`id`, `main`.`LedgerEntry`.`transactionId`, `main`.`LedgerEntry`.`fundId`, `main`.`LedgerEntry`.`isCredit`, `main`.`LedgerEntry`.`amount`, `main`.`LedgerEntry`.`createdAt`, `main`.`LedgerEntry`.`updatedAt`, `main`.`LedgerEntry`.`createdBy`, `main`.`LedgerEntry`.`updatedBy`, `main`.`LedgerEntry`.`groupId`, `main`.`LedgerEntry`.`groupCode`, `main`.`LedgerEntry`.`groupName` FROM `main`.`LedgerEntry` WHERE `main`.`LedgerEntry`.`fundId` = ? ORDER BY `main`.`LedgerEntry`.`createdAt` ASC LIMIT ? OFFSET ?
[Prisma Query] 62ms - SELECT `main`.`LedgerTransaction`.`id`, `main`.`LedgerTransaction`.`date`, `main`.`LedgerTransaction`.`type`, `main`.`LedgerTransaction`.`referenceId`, `main`.`LedgerTransaction`.`status`, `main`.`LedgerTransaction`.`notes`, `main`.`LedgerTransaction`.`createdAt`, `main`.`LedgerTransaction`.`updatedAt`, `main`.`LedgerTransaction`.`createdBy`, `main`.`LedgerTransaction`.`updatedBy` FROM `main`.`LedgerTransaction` WHERE `main`.`LedgerTransaction`.`id` IN (?,?,?,?,?,?,?,?) LIMIT ? OFFSET ?
 GET /groups/ledger?groupId=63e58969-86d3-4d92-b409-ea7e2d8c3b3b 200 in 538ms (next.js: 4ms, proxy.ts: 11ms, application-code: 523ms)
[AUTH DEBUG] JWT Callback - User ID: 3925a03f-e627-49bc-b40d-a588e38da103, Role: Super Admin, Session ID: 7429b562-544f-433d-ae1e-14b15e0406a7
[AUTH DEBUG] Session Callback - Valid Session for User ID: 3925a03f-e627-49bc-b40d-a588e38da103, Role: Super Admin
[Prisma Query] 277ms - SELECT `main`.`UserSession`.`id`, `main`.`UserSession`.`userId`, `main`.`UserSession`.`jti`, `main`.`UserSession`.`device`, `main`.`UserSession`.`browser`, `main`.`UserSession`.`os`, `main`.`UserSession`.`ipAddress`, `main`.`UserSession`.`lastActive`, `main`.`UserSession`.`expiresAt`, `main`.`UserSession`.`createdAt` FROM `main`.`UserSession` WHERE (`main`.`UserSession`.`jti` = ? AND 1=1) LIMIT ? OFFSET ?
[Prisma Query] 57ms - SELECT `main`.`User`.`id`, `main`.`User`.`name`, `main`.`User`.`username`, `main`.`User`.`roleId` FROM `main`.`User` WHERE (`main`.`User`.`id` = ? AND 1=1) LIMIT ? OFFSET ?
[Prisma Query] 57ms - SELECT `main`.`Role`.`id`, `main`.`Role`.`name` FROM `main`.`Role` WHERE `main`.`Role`.`id` IN (?) LIMIT ? OFFSET ?
[Prisma Query] 57ms - SELECT `main`.`RolePermission`.`roleId`, `main`.`RolePermission`.`permissionId` FROM `main`.`RolePermission` WHERE `main`.`RolePermission`.`roleId` IN (?) LIMIT ? OFFSET ?
[Prisma Query] 57ms - SELECT `main`.`UserPermission`.`userId`, `main`.`UserPermission`.`permissionId` FROM `main`.`UserPermission` WHERE `main`.`UserPermission`.`userId` IN (?) LIMIT ? OFFSET ?
[RBAC DEBUG] Current User: System Administrator (admin) | Current Role: Super Admin | Loaded Permissions: ["*"] (SUPER_ADMIN Wildcard)
[Prisma Query] 62ms - SELECT COUNT(*) AS `_count$_all`, `main`.`Member`.`status` FROM `main`.`Member` WHERE 1=1 GROUP BY `main`.`Member`.`status` LIMIT ? OFFSET ?
[Prisma Query] 239ms - SELECT COUNT(*) AS `_count$_all` FROM (SELECT `main`.`Group`.`id` FROM `main`.`Group` WHERE 1=1 LIMIT ? OFFSET ?) AS `sub`
[Prisma Query] 296ms - SELECT COUNT(*) AS `_count$_all` FROM (SELECT `main`.`Beneficiary`.`id` FROM `main`.`Beneficiary` WHERE 1=1 LIMIT ? OFFSET ?) AS `sub`
[Prisma Query] 358ms - SELECT COUNT(*) AS `_count$_all` FROM (SELECT `main`.`Grant`.`id` FROM `main`.`Grant` WHERE 1=1 LIMIT ? OFFSET ?) AS `sub`
[Prisma Query] 414ms - SELECT `main`.`Loan`.`id`, `main`.`Loan`.`loanNumber`, `main`.`Loan`.`memberId`, `main`.`Loan`.`beneficiaryId`, `main`.`Loan`.`amount`, `main`.`Loan`.`loanType`, `main`.`Loan`.`businessType`, `main`.`Loan`.`purpose`, `main`.`Loan`.`requestedDate`, `main`.`Loan`.`disbursedDate`, `main`.`Loan`.`status`, `main`.`Loan`.`notes`, `main`.`Loan`.`installmentType`, `main`.`Loan`.`installmentAmount`, `main`.`Loan`.`totalInstallments`, `main`.`Loan`.`firstInstallmentDate`, `main`.`Loan`.`nextDueDate`, `main`.`Loan`.`totalPaidAmount`, `main`.`Loan`.`remainingBalance`, `main`.`Loan`.`createdAt`, `main`.`Loan`.`updatedAt`, `main`.`Loan`.`createdBy`, `main`.`Loan`.`updatedBy` FROM `main`.`Loan` WHERE `main`.`Loan`.`status` IN (?,?) LIMIT ? OFFSET ?
[Prisma Query] 59ms - SELECT `main`.`Fund`.`id`, `main`.`Fund`.`groupId`, `main`.`Fund`.`name`, `main`.`Fund`.`description`, `main`.`Fund`.`createdAt`, `main`.`Fund`.`updatedAt`, `main`.`Fund`.`createdBy`, `main`.`Fund`.`updatedBy` FROM `main`.`Fund` WHERE `main`.`Fund`.`groupId` IS NULL LIMIT ? OFFSET ?
[Prisma Query] 118ms - SELECT `main`.`Group`.`id`, `main`.`Group`.`foundationId`, `main`.`Group`.`name`, `main`.`Group`.`code`, `main`.`Group`.`shortName`, `main`.`Group`.`description`, `main`.`Group`.`remarks`, `main`.`Group`.`status`, `main`.`Group`.`createdAt`, `main`.`Group`.`updatedAt`, `main`.`Group`.`createdBy`, `main`.`Group`.`updatedBy` FROM `main`.`Group` WHERE 1=1 LIMIT ? OFFSET ?
[Prisma Query] 175ms - SELECT SUM(`expectedAmount`) AS `_sum$expectedAmount` FROM (SELECT `main`.`MonthlyContribution`.`expectedAmount` FROM `main`.`MonthlyContribution` WHERE `main`.`MonthlyContribution`.`status` = ? LIMIT ? OFFSET ?) AS `sub`
[Prisma Query] 174ms - SELECT `main`.`LedgerEntry`.`id`, `main`.`LedgerEntry`.`transactionId`, `main`.`LedgerEntry`.`fundId`, `main`.`LedgerEntry`.`isCredit`, `main`.`LedgerEntry`.`amount`, `main`.`LedgerEntry`.`createdAt`, `main`.`LedgerEntry`.`updatedAt`, `main`.`LedgerEntry`.`createdBy`, `main`.`LedgerEntry`.`updatedBy`, `main`.`LedgerEntry`.`groupId`, `main`.`LedgerEntry`.`groupCode`, `main`.`LedgerEntry`.`groupName` FROM `main`.`LedgerEntry` WHERE `main`.`LedgerEntry`.`fundId` = ? LIMIT ? OFFSET ?
[Prisma Query] 175ms - SELECT `main`.`Fund`.`id`, `main`.`Fund`.`groupId` FROM `main`.`Fund` WHERE `main`.`Fund`.`groupId` IN (?,?,?) LIMIT ? OFFSET ?
[Prisma Query] 59ms - SELECT `main`.`LedgerEntry`.`id`, `main`.`LedgerEntry`.`transactionId`, `main`.`LedgerEntry`.`fundId`, `main`.`LedgerEntry`.`isCredit`, `main`.`LedgerEntry`.`amount`, `main`.`LedgerEntry`.`createdAt`, `main`.`LedgerEntry`.`updatedAt`, `main`.`LedgerEntry`.`createdBy`, `main`.`LedgerEntry`.`updatedBy`, `main`.`LedgerEntry`.`groupId`, `main`.`LedgerEntry`.`groupCode`, `main`.`LedgerEntry`.`groupName` FROM `main`.`LedgerEntry` WHERE `main`.`LedgerEntry`.`fundId` IN (?,?) LIMIT ? OFFSET ?
[Prisma Query] 58ms - SELECT `main`.`LedgerTransaction`.`id`, `main`.`LedgerTransaction`.`type` FROM `main`.`LedgerTransaction` WHERE `main`.`LedgerTransaction`.`id` IN (?,?,?,?,?,?,?,?,?) LIMIT ? OFFSET ?
[Prisma Query] 58ms - SELECT `main`.`Loan`.`id`, `main`.`Loan`.`amount`, `main`.`Loan`.`createdAt` FROM `main`.`Loan` WHERE `main`.`Loan`.`createdAt` >= ? LIMIT ? OFFSET ?
[Prisma Query] 121ms - SELECT `main`.`Grant`.`id`, `main`.`Grant`.`amount`, `main`.`Grant`.`createdAt` FROM `main`.`Grant` WHERE `main`.`Grant`.`createdAt` >= ? LIMIT ? OFFSET ?
[Prisma Query] 176ms - SELECT `main`.`MonthlyContribution`.`id`, `main`.`MonthlyContribution`.`expectedAmount`, `main`.`MonthlyContribution`.`createdAt` FROM `main`.`MonthlyContribution` WHERE (`main`.`MonthlyContribution`.`status` = ? AND `main`.`MonthlyContribution`.`createdAt` >= ?) LIMIT ? OFFSET ?
 GET / 200 in 2.6s (next.js: 989ms, proxy.ts: 5ms, application-code: 1609ms)
[AUTH DEBUG] JWT Callback - User ID: 3925a03f-e627-49bc-b40d-a588e38da103, Role: Super Admin, Session ID: 7429b562-544f-433d-ae1e-14b15e0406a7
[Prisma Query] 334ms - SELECT `main`.`UserSession`.`id`, `main`.`UserSession`.`userId`, `main`.`UserSession`.`jti`, `main`.`UserSession`.`device`, `main`.`UserSession`.`browser`, `main`.`UserSession`.`os`, `main`.`UserSession`.`ipAddress`, `main`.`UserSession`.`lastActive`, `main`.`UserSession`.`expiresAt`, `main`.`UserSession`.`createdAt` FROM `main`.`UserSession` WHERE (`main`.`UserSession`.`jti` = ? AND 1=1) LIMIT ? OFFSET ?
[Prisma Query] 76ms - UPDATE `main`.`UserSession` SET `lastActive` = ? WHERE (`main`.`UserSession`.`jti` = ? AND 1=1) RETURNING `id` AS `id`, `userId` AS `userId`, `jti` AS `jti`, `device` AS `device`, `browser` AS `browser`, `os` AS `os`, `ipAddress` AS `ipAddress`, `lastActive` AS `lastActive`, `expiresAt` AS `expiresAt`, `createdAt` AS `createdAt`
[AUTH DEBUG] Session Callback - Valid Session for User ID: 3925a03f-e627-49bc-b40d-a588e38da103, Role: Super Admin
 GET /api/auth/session 200 in 469ms (next.js: 37ms, application-code: 432ms)
